| file://:0:0:0:0 | fp_offset |
| file://:0:0:0:0 | gp_offset |
| test.cpp:14:16:14:16 | i |
| test.cpp:19:10:19:10 | l |
| test.cpp:20:15:20:15 | m |
