| test.cpp:12:7:12:7 | g |
| test.cpp:13:14:13:14 | h |
| test.cpp:16:9:16:9 | j |
| test.cpp:17:14:17:14 | k |
| test.cpp:22:13:22:13 | n |
| test.cpp:23:15:23:15 | o |
| test.cpp:24:20:24:20 | p |
