| test.cpp:11:15:11:27 | call to out_of_bounds | test.cpp:2:15:2:19 | ... + ... | test.cpp:1:34:1:34 | n |
