| test.cpp:16:3:16:6 | call to read | test.cpp:16:17:16:19 | len |
